Welcome to the ASCII Version of Hangman!
For best results, please run this from the command line.
Please enter a secret word: 
















































































































































































































































































































































































































































































































































































































































































































































































































































































































































































































































































































































































































































































































































































































































































































































































































































































































































































































































































































































































































































































































































































































































































































































































































































































































































































































































































































































































































































































































































































































































































































































































































































































































































































































































































































































































































































































































































































































































































































































































































































































































































































































































































































































































































































































































































































































































































































































































































































































































































































































































































































































































































































































































































































































































































































































































































































































































































































































































































































































































































































































































































































































































































































































































































































































































































































































































































































































































































































































































































































































































































































































































































































































































































































































































































































































































































































































































































































































































































































































































































































































































































































































































































































































































































































































































































































































































































































































































































































































































































































































































































































































































































































































































































































































































































































































































































































































































































































































































































































































































































































































































































































































































































































































































































   ____  
  |    | 
  |      
  |      
  |      
__|__    
Puzzle to solve: _ _ _ _ _ _ 
Please guess a letter: A
Puzzle to solve: A _ _ _ _ _ 
Please guess a letter: G

   ____  
  |    | 
  |    O 
  |      
  |      
__|__    
Puzzle to solve: A _ _ _ _ _ 
Please guess a letter: B
Puzzle to solve: A B _ _ _ _ 
Please guess a letter: H

   ____  
  |    | 
  |    O 
  |    | 
  |      
__|__    
Puzzle to solve: A B _ _ _ _ 
Please guess a letter: C
Puzzle to solve: A B C _ _ _ 
Please guess a letter: I

   ____  
  |    | 
  |    O 
  |   \| 
  |      
__|__    
Puzzle to solve: A B C _ _ _ 
Please guess a letter: D
Puzzle to solve: A B C D _ _ 
Please guess a letter: J

   ____  
  |    | 
  |    O 
  |   \|/
  |      
__|__    
Puzzle to solve: A B C D _ _ 
Please guess a letter: E
Puzzle to solve: A B C D E _ 
Please guess a letter: K

   ____  
  |    | 
  |    O 
  |   \|/
  |   /  
__|__    
Puzzle to solve: A B C D E _ 
Please guess a letter: F
Success!  Player 2 wins!
