Welcome to the ASCII Version of Hangman!
For best results, please run this from the command line.
Please enter a secret word: 
















































































































































































































































































































































































































































































































































































































































































































































































































































































































































































































































































































































































































































































































































































































































































































































































































































































































































































































































































































































































































































































































































































































































































































































































































































































































































































































































































































































































































































































































































































































































































































































































































































































































































































































































































































































































































































































































































































































































































































































































































































































































































































































































































































































































































































































































































































































































































































































































































































































































































































































































































































































































































































































































































































































































































































































































































































































































































































































































































































































































































































































































































































































































































































































































































































































































































































































































































































































































































































































































































































































































































































































































































































































































































































































































































































































































































































































































































































































































































































































































































































































































































































































































































































































































































































































































































































































































































































































































































































































































































































































































































































































































































































































































































































































































































































































































































































































































































































































































































































































































































































































































































































































































































































































































































   ____  
  |    | 
  |      
  |      
  |      
__|__    
Puzzle to solve: _ _ _ _ _ 
Please guess a letter: N

   ____  
  |    | 
  |    O 
  |      
  |      
__|__    
Puzzle to solve: _ _ _ _ _ 
Please guess a letter: O

   ____  
  |    | 
  |    O 
  |    | 
  |      
__|__    
Puzzle to solve: _ _ _ _ _ 
Please guess a letter: T
Puzzle to solve: _ _ _ T _ 
Please guess a letter: R

   ____  
  |    | 
  |    O 
  |   \| 
  |      
__|__    
Puzzle to solve: _ _ _ T _ 
Please guess a letter: E
Puzzle to solve: E _ _ T _ 
Please guess a letter: A

   ____  
  |    | 
  |    O 
  |   \|/
  |      
__|__    
Puzzle to solve: E _ _ T _ 
Please guess a letter: L

   ____  
  |    | 
  |    O 
  |   \|/
  |   /  
__|__    
Puzzle to solve: E _ _ T _ 
Please guess a letter: L

   ____  
  |    | 
  |    O 
  |   \|/
  |   / \
__|__    
Game over! Player 1 wins!
