Welcome to the ASCII Version of Hangman!
For best results, please run this from the command line.
Please enter a secret word: 
















































































































































































































































































































































































































































































































































































































































































































































































































































































































































































































































































































































































































































































































































































































































































































































































































































































































































































































































































































































































































































































































































































































































































































































































































































































































































































































































































































































































































































































































































































































































































































































































































































































































































































































































































































































































































































































































































































































































































































































































































































































































































































































































































































































































































































































































































































































































































































































































































































































































































































































































































































































































































































































































































































































































































































































































































































































































































































































































































































































































































































































































































































































































































































































































































































































































































































































































































































































































































































































































































































































































































































































































































































































































































































































































































































































































































































































































































































































































































































































































































































































































































































































































































































































































































































































































































































































































































































































































































































































































































































































































































































































































































































































































































































































































































































































































































































































































































































































































































































































































































































































































































































































































































































































































































   ____  
  |    | 
  |      
  |      
  |      
__|__    
Puzzle to solve: _ _ _ _ _ _ 
Please guess a letter: F
Puzzle to solve: F _ _ _ _ _ 
Please guess a letter: O
Puzzle to solve: F O O _ _ _ 
Please guess a letter: O
Puzzle to solve: F O O _ _ _ 
Please guess a letter: B
Puzzle to solve: F O O B _ _ 
Please guess a letter: A
Puzzle to solve: F O O B A _ 
Please guess a letter: R
Success!  Player 2 wins!
