Welcome to the ASCII Version of Hangman!
For best results, please run this from the command line.
Please enter a secret word: 
















































































































































































































































































































































































































































































































































































































































































































































































































































































































































































































































































































































































































































































































































































































































































































































































































































































































































































































































































































































































































































































































































































































































































































































































































































































































































































































































































































































































































































































































































































































































































































































































































































































































































































































































































































































































































































































































































































































































































































































































































































































































































































































































































































































































































































































































































































































































































































































































































































































































































































































































































































































































































































































































































































































































































































































































































































































































































































































































































































































































































































































































































































































































































































































































































































































































































































































































































































































































































































































































































































































































































































































































































































































































































































































































































































































































































































































































































































































































































































































































































































































































































































































































































































































































































































































































































































































































































































































































































































































































































































































































































































































































































































































































































































































































































































































































































































































































































































































































































































































































































































































































































































































































































































































































































   ____  
  |    | 
  |      
  |      
  |      
__|__    
Puzzle to solve: _ _ _ _ _ _ 
Please guess a letter: 7

   ____  
  |    | 
  |    O 
  |      
  |      
__|__    
Puzzle to solve: _ _ _ _ _ _ 
Please guess a letter: 8

   ____  
  |    | 
  |    O 
  |    | 
  |      
__|__    
Puzzle to solve: _ _ _ _ _ _ 
Please guess a letter: 9

   ____  
  |    | 
  |    O 
  |   \| 
  |      
__|__    
Puzzle to solve: _ _ _ _ _ _ 
Please guess a letter: 0

   ____  
  |    | 
  |    O 
  |   \|/
  |      
__|__    
Puzzle to solve: _ _ _ _ _ _ 
Please guess a letter: 1
Puzzle to solve: 1 _ _ _ _ _ 
Please guess a letter: 2
Puzzle to solve: 1 2 _ _ _ _ 
Please guess a letter: 3
Puzzle to solve: 1 2 3 _ _ _ 
Please guess a letter: 4
Puzzle to solve: 1 2 3 4 _ _ 
Please guess a letter: 5
Puzzle to solve: 1 2 3 4 5 _ 
Please guess a letter: 6
Success!  Player 2 wins!
