Welcome to the ASCII Version of Hangman!
For best results, please run this from the command line.
Please enter a secret word: 
















































































































































































































































































































































































































































































































































































































































































































































































































































































































































































































































































































































































































































































































































































































































































































































































































































































































































































































































































































































































































































































































































































































































































































































































































































































































































































































































































































































































































































































































































































































































































































































































































































































































































































































































































































































































































































































































































































































































































































































































































































































































































































































































































































































































































































































































































































































































































































































































































































































































































































































































































































































































































































































































































































































































































































































































































































































































































































































































































































































































































































































































































































































































































































































































































































































































































































































































































































































































































































































































































































































































































































































































































































































































































































































































































































































































































































































































































































































































































































































































































































































































































































































































































































































































































































































































































































































































































































































































































































































































































































































































































































































































































































































































































































































































































































































































































































































































































































































































































































































































































































































































































































































































































































































































































   ____  
  |    | 
  |      
  |      
  |      
__|__    
Puzzle to solve: _ _ _ _ _ _ _ _ 
Please guess a letter: R
Puzzle to solve: _ _ _ _ _ _ R _ 
Please guess a letter: S
Puzzle to solve: _ _ S S _ _ R _ 
Please guess a letter: T

   ____  
  |    | 
  |    O 
  |      
  |      
__|__    
Puzzle to solve: _ _ S S _ _ R _ 
Please guess a letter: L

   ____  
  |    | 
  |    O 
  |    | 
  |      
__|__    
Puzzle to solve: _ _ S S _ _ R _ 
Please guess a letter: N

   ____  
  |    | 
  |    O 
  |   \| 
  |      
__|__    
Puzzle to solve: _ _ S S _ _ R _ 
Please guess a letter: E

   ____  
  |    | 
  |    O 
  |   \|/
  |      
__|__    
Puzzle to solve: _ _ S S _ _ R _ 
Please guess a letter: P
Puzzle to solve: P _ S S _ _ R _ 
Please guess a letter: O
Puzzle to solve: P _ S S _ O R _ 
Please guess a letter: A
Puzzle to solve: P A S S _ O R _ 
Please guess a letter: D
Puzzle to solve: P A S S _ O R D 
Please guess a letter: W
Success!  Player 2 wins!
