Welcome to the ASCII Version of Hangman!
For best results, please run this from the command line.
Please enter a secret word: 
















































































































































































































































































































































































































































































































































































































































































































































































































































































































































































































































































































































































































































































































































































































































































































































































































































































































































































































































































































































































































































































































































































































































































































































































































































































































































































































































































































































































































































































































































































































































































































































































































































































































































































































































































































































































































































































































































































































































































































































































































































































































































































































































































































































































































































































































































































































































































































































































































































































































































































































































































































































































































































































































































































































































































































































































































































































































































































































































































































































































































































































































































































































































































































































































































































































































































































































































































































































































































































































































































































































































































































































































































































































































































































































































































































































































































































































































































































































































































































































































































































































































































































































































































































































































































































































































































































































































































































































































































































































































































































































































































































































































































































































































































































































































































































































































































































































































































































































































































































































































































































































































































































































































































































































































































   ____  
  |    | 
  |      
  |      
  |      
__|__    
Puzzle to solve: _ _ _ _ _ _ 
Please guess a letter: S
Puzzle to solve: S _ _ _ _ S 
Please guess a letter: P
Puzzle to solve: S P _ _ _ S 
Please guess a letter:  

   ____  
  |    | 
  |    O 
  |      
  |      
__|__    
Puzzle to solve: S P _ _ _ S 
Please guess a letter: C
Puzzle to solve: S P _ C _ S 
Please guess a letter: E
Puzzle to solve: S P _ C E S 
Please guess a letter: S
Puzzle to solve: S P _ C E S 
Please guess a letter: A
Success!  Player 2 wins!
