Welcome to the ASCII Version of Hangman!
For best results, please run this from the command line.
Please enter a secret word: 
















































































































































































































































































































































































































































































































































































































































































































































































































































































































































































































































































































































































































































































































































































































































































































































































































































































































































































































































































































































































































































































































































































































































































































































































































































































































































































































































































































































































































































































































































































































































































































































































































































































































































































































































































































































































































































































































































































































































































































































































































































































































































































































































































































































































































































































































































































































































































































































































































































































































































































































































































































































































































































































































































































































































































































































































































































































































































































































































































































































































































































































































































































































































































































































































































































































































































































































































































































































































































































































































































































































































































































































































































































































































































































































































































































































































































































































































































































































































































































































































































































































































































































































































































































































































































































































































































































































































































































































































































































































































































































































































































































































































































































































































































































































































































































































































































































































































































































































































































































































































































































































































































































































































































































































































































   ____  
  |    | 
  |      
  |      
  |      
__|__    
Puzzle to solve: _ _ _ _ _ 
Please guess a letter: K
Puzzle to solve: K _ _ _ _ 
Please guess a letter: E
Puzzle to solve: K E _ _ _ 
Please guess a letter: S

   ____  
  |    | 
  |    O 
  |      
  |      
__|__    
Puzzle to solve: K E _ _ _ 
Please guess a letter: H
Puzzle to solve: K E _ H _ 
Please guess a letter: $
Puzzle to solve: K E $ H _ 
Please guess a letter: )

   ____  
  |    | 
  |    O 
  |    | 
  |      
__|__    
Puzzle to solve: K E $ H _ 
Please guess a letter: (

   ____  
  |    | 
  |    O 
  |   \| 
  |      
__|__    
Puzzle to solve: K E $ H _ 
Please guess a letter: A
Success!  Player 2 wins!
