Welcome to the ASCII Version of Hangman!
For best results, please run this from the command line.
Please enter a secret word: 
















































































































































































































































































































































































































































































































































































































































































































































































































































































































































































































































































































































































































































































































































































































































































































































































































































































































































































































































































































































































































































































































































































































































































































































































































































































































































































































































































































































































































































































































































































































































































































































































































































































































































































































































































































































































































































































































































































































































































































































































































































































































































































































































































































































































































































































































































































































































































































































































































































































































































































































































































































































































































































































































































































































































































































































































































































































































































































































































































































































































































































































































































































































































































































































































































































































































































































































































































































































































































































































































































































































































































































































































































































































































































































































































































































































































































































































































































































































































































































































































































































































































































































































































































































































































































































































































































































































































































































































































































































































































































































































































































































































































































































































































































































































































































































































































































































































































































































































































































































































































































































































































































































































































































































































































































   ____  
  |    | 
  |      
  |      
  |      
__|__    
Puzzle to solve: _ _ _ _ _ _ _ _ 
Please guess a letter: R
Puzzle to solve: _ _ _ _ _ _ _ R 
Please guess a letter: S

   ____  
  |    | 
  |    O 
  |      
  |      
__|__    
Puzzle to solve: _ _ _ _ _ _ _ R 
Please guess a letter: T
Puzzle to solve: _ _ _ _ _ T _ R 
Please guess a letter: L

   ____  
  |    | 
  |    O 
  |    | 
  |      
__|__    
Puzzle to solve: _ _ _ _ _ T _ R 
Please guess a letter: N

   ____  
  |    | 
  |    O 
  |   \| 
  |      
__|__    
Puzzle to solve: _ _ _ _ _ T _ R 
Please guess a letter: E
Puzzle to solve: _ _ _ _ _ T E R 
Please guess a letter: O
Puzzle to solve: _ O _ _ _ T E R 
Please guess a letter: Z

   ____  
  |    | 
  |    O 
  |   \|/
  |      
__|__    
Puzzle to solve: _ O _ _ _ T E R 
Please guess a letter: H

   ____  
  |    | 
  |    O 
  |   \|/
  |   /  
__|__    
Puzzle to solve: _ O _ _ _ T E R 
Please guess a letter: I

   ____  
  |    | 
  |    O 
  |   \|/
  |   / \
__|__    
Game over! Player 1 wins!
