Welcome to the ASCII Version of Hangman!
For best results, please run this from the command line.
Please enter a secret word: 
















































































































































































































































































































































































































































































































































































































































































































































































































































































































































































































































































































































































































































































































































































































































































































































































































































































































































































































































































































































































































































































































































































































































































































































































































































































































































































































































































































































































































































































































































































































































































































































































































































































































































































































































































































































































































































































































































































































































































































































































































































































































































































































































































































































































































































































































































































































































































































































































































































































































































































































































































































































































































































































































































































































































































































































































































































































































































































































































































































































































































































































































































































































































































































































































































































































































































































































































































































































































































































































































































































































































































































































































































































































































































































































































































































































































































































































































































































































































































































































































































































































































































































































































































































































































































































































































































































































































































































































































































































































































































































































































































































































































































































































































































































































































































































































































































































































































































































































































































































































































































































































































































































































































































































































































































   ____  
  |    | 
  |      
  |      
  |      
__|__    
Puzzle to solve: _ _ _ _ _ _ _ _ _ 
Please guess a letter: L
Puzzle to solve: L _ _ _ _ _ _ _ _ 
Please guess a letter: O
Puzzle to solve: L O _ _ _ _ _ _ _ 
Please guess a letter: W
Puzzle to solve: L O W _ _ _ _ _ _ 
Please guess a letter: E
Puzzle to solve: L O W E _ _ _ _ E 
Please guess a letter: R
Puzzle to solve: L O W E R _ _ _ E 
Please guess a letter: C
Puzzle to solve: L O W E R C _ _ E 
Please guess a letter: A
Puzzle to solve: L O W E R C A _ E 
Please guess a letter: S
Success!  Player 2 wins!
