Welcome to the ASCII Version of Hangman!
For best results, please run this from the command line.
Please enter a secret word: 
















































































































































































































































































































































































































































































































































































































































































































































































































































































































































































































































































































































































































































































































































































































































































































































































































































































































































































































































































































































































































































































































































































































































































































































































































































































































































































































































































































































































































































































































































































































































































































































































































































































































































































































































































































































































































































































































































































































































































































































































































































































































































































































































































































































































































































































































































































































































































































































































































































































































































































































































































































































































































































































































































































































































































































































































































































































































































































































































































































































































































































































































































































































































































































































































































































































































































































































































































































































































































































































































































































































































































































































































































































































































































































































































































































































































































































































































































































































































































































































































































































































































































































































































































































































































































































































































































































































































































































































































































































































































































































































































































































































































































































































































































































































































































































































































































































































































































































































































































































































































































































































































































































































































































































































































































   ____  
  |    | 
  |      
  |      
  |      
__|__    
Puzzle to solve: _ _ _ _ _ 
Please guess a letter: A
Puzzle to solve: _ _ _ _ A 
Please guess a letter: B

   ____  
  |    | 
  |    O 
  |      
  |      
__|__    
Puzzle to solve: _ _ _ _ A 
Please guess a letter: C

   ____  
  |    | 
  |    O 
  |    | 
  |      
__|__    
Puzzle to solve: _ _ _ _ A 
Please guess a letter: D

   ____  
  |    | 
  |    O 
  |   \| 
  |      
__|__    
Puzzle to solve: _ _ _ _ A 
Please guess a letter: E
Puzzle to solve: _ E _ _ A 
Please guess a letter: F

   ____  
  |    | 
  |    O 
  |   \|/
  |      
__|__    
Puzzle to solve: _ E _ _ A 
Please guess a letter: G

   ____  
  |    | 
  |    O 
  |   \|/
  |   /  
__|__    
Puzzle to solve: _ E _ _ A 
Please guess a letter: H
Puzzle to solve: _ E _ H A 
Please guess a letter: I

   ____  
  |    | 
  |    O 
  |   \|/
  |   / \
__|__    
Game over! Player 1 wins!
